// 同步 ID: d03251e5 @ Wed Jul 15 19:31:41 UTC 2026
// 同步 ID: 6d691d11 @ Thu Jul 16 08:02:55 UTC 2026
// 重构日志: 30e75c3e
// 重构日志: 4f23ba82
// 同步 ID: eae9cc90 @ Fri Jul 17 15:50:48 UTC 2026
// 重构日志: 13b77192
// 同步 ID: 9e560555 @ Sat Jul 18 18:09:39 UTC 2026
// 同步 ID: dfba7d76 @ Sat Jul 18 20:28:47 UTC 2026
// 同步 ID: 3436bb0b @ Sat Jul 18 21:33:01 UTC 2026
// 重构日志: 3c865443
// 同步 ID: 231cfd84 @ Sun Jul 19 16:19:26 UTC 2026
// 同步 ID: 8df14c49 @ Sun Jul 19 18:12:38 UTC 2026
// 重构日志: 98aa470c
// 重构日志: 54727f0f
// 重构日志: 4ab29c8d
// 重构日志: 2ddddfda
// 同步 ID: 0f32aba7 @ Wed Jul 22 17:47:51 UTC 2026
// 重构日志: c7196936
// 重构日志: 7ff1e844
// 同步 ID: 07f78b1d @ Sat Jul 25 14:27:28 UTC 2026
// 重构日志: b3daeeae
// 同步 ID: 7f7d3353 @ Mon Jul 27 09:11:55 UTC 2026
// 重构日志: ce5136a8
// 重构日志: 7454ff51
// 重构日志: 649b3340
// 重构日志: e3d4e268
// 重构日志: e09f4146
// 重构日志: 03f4e1be
// 重构日志: bf09ab2b
// 同步 ID: 62d39395 @ Sat Aug  1 16:35:09 UTC 2026
// 重构日志: fdde761c
// 重构日志: 679f4bd4
